2026-01-07 16:26:35,014 [WARNING] core.driver_factory - Unknown browser type: chrome, fallback to chromium
2026-01-07 16:26:35,674 [INFO] __main__ - ログインタスク開始
2026-01-07 16:26:39,047 [INFO] __main__ - ページタイトル: Swag Labs
2026-01-07 16:26:39,047 [INFO] __main__ - URL へアクセス: https://www.saucedemo.com/
2026-01-07 16:26:39,047 [INFO] core.utils - ユーザーID に値を入力します
2026-01-07 16:26:39,086 [INFO] core.utils - パスワード に値を入力します
2026-01-07 16:26:39,095 [INFO] core.utils - ログインボタン をクリックします
2026-01-07 16:26:39,154 [INFO] core.utils - ログイン成功判定: #inventory_container を待機中…
2026-01-07 16:26:39,159 [INFO] core.utils - ログイン成功判定: 成功
2026-01-07 16:26:39,159 [INFO] __main__ - ログイン後URL: https://www.saucedemo.com/inventory.html
2026-01-07 16:26:39,161 [INFO] __main__ - ログイン後タイトル: Swag Labs
2026-01-08 16:52:54,765 [INFO] __main__ - === CSV テスト開始 ===
2026-01-08 16:52:54,766 [INFO] core.files_util - CSV 読み込み: samples/sample.csv
2026-01-08 16:52:54,767 [ERROR] core.exception_handler - [CSV読み込み失敗: samples/sample.csv] スクリーンショット保存に失敗: 'NoneType' object has no attribute 'screenshot'
2026-01-08 16:52:54,767 [ERROR] core.exception_handler - [CSV読み込み失敗: samples/sample.csv] ページ情報取得に失敗: 'NoneType' object has no attribute 'url'
2026-01-08 16:52:54,767 [ERROR] core.exception_handler - [CSV読み込み失敗: samples/sample.csv] 例外: 'utf-8' codec can't decode byte 0x8a in position 0: invalid start byte
2026-01-08 16:52:54,769 [ERROR] core.exception_handler - Traceback (most recent call last):
  File "C:\Users\cha-c\automation_framework\core\files_util.py", line 17, in read_csv
    return pd.read_csv(path, encoding="utf-8")
           ~~~~~~~~~~~^^^^^^^^^^^^^^^^^^^^^^^^
  File "C:\Users\cha-c\automation_framework\venv\Lib\site-packages\pandas\io\parsers\readers.py", line 1026, in read_csv
    return _read(filepath_or_buffer, kwds)
  File "C:\Users\cha-c\automation_framework\venv\Lib\site-packages\pandas\io\parsers\readers.py", line 620, in _read
    parser = TextFileReader(filepath_or_buffer, **kwds)
  File "C:\Users\cha-c\automation_framework\venv\Lib\site-packages\pandas\io\parsers\readers.py", line 1620, in __init__
    self._engine = self._make_engine(f, self.engine)
                   ~~~~~~~~~~~~~~~~~^^^^^^^^^^^^^^^^
  File "C:\Users\cha-c\automation_framework\venv\Lib\site-packages\pandas\io\parsers\readers.py", line 1898, in _make_engine
    return mapping[engine](f, **self.options)
           ~~~~~~~~~~~~~~~^^^^^^^^^^^^^^^^^^^
  File "C:\Users\cha-c\automation_framework\venv\Lib\site-packages\pandas\io\parsers\c_parser_wrapper.py", line 93, in __init__
    self._reader = parsers.TextReader(src, **kwds)
                   ~~~~~~~~~~~~~~~~~~^^^^^^^^^^^^^
  File "pandas/_libs/parsers.pyx", line 574, in pandas._libs.parsers.TextReader.__cinit__
  File "pandas/_libs/parsers.pyx", line 691, in pandas._libs.parsers.TextReader._get_header
UnicodeDecodeError: 'utf-8' codec can't decode byte 0x8a in position 0: invalid start byte

2026-01-08 17:03:26,025 [INFO] __main__ - === CSV テスト開始 ===
2026-01-08 17:03:26,026 [INFO] core.files_util - CSV 読み込み: samples/sample.csv
2026-01-08 17:03:26,331 [INFO] core.files_util - 推定文字コード: SHIFT_JIS
2026-01-08 17:03:26,365 [INFO] __main__ - CSV 読み込み成功: 1284 行
2026-01-08 17:03:26,366 [INFO] core.files_util - CSV 書き込み: samples/output.csv
2026-01-08 17:03:26,375 [INFO] __main__ - CSV 書き込み成功
2026-01-08 17:03:26,375 [INFO] __main__ - === Excel テスト開始 ===
2026-01-08 17:03:26,375 [INFO] core.files_util - Excel 読み込み: samples/sample.xlsx
2026-01-08 17:03:26,377 [ERROR] core.exception_handler - [Excel読み込み失敗: samples/sample.xlsx] スクリーンショット保存に失敗: 'NoneType' object has no attribute 'screenshot'
2026-01-08 17:03:26,378 [ERROR] core.exception_handler - [Excel読み込み失敗: samples/sample.xlsx] ページ情報取得に失敗: 'NoneType' object has no attribute 'url'
2026-01-08 17:03:26,378 [ERROR] core.exception_handler - [Excel読み込み失敗: samples/sample.xlsx] 例外: Missing optional dependency 'openpyxl'.  Use pip or conda to install openpyxl.
2026-01-08 17:03:26,394 [ERROR] core.exception_handler - Traceback (most recent call last):
  File "C:\Users\cha-c\automation_framework\venv\Lib\site-packages\pandas\compat\_optional.py", line 135, in import_optional_dependency
    module = importlib.import_module(name)
  File "C:\Users\cha-c\AppData\Local\Programs\Python\Python313\Lib\importlib\__init__.py", line 88, in import_module
    return _bootstrap._gcd_import(name[level:], package, level)
           ~~~~~~~~~~~~~~~~~~~~~~^^^^^^^^^^^^^^^^^^^^^^^^^^^^^^
  File "<frozen importlib._bootstrap>", line 1387, in _gcd_import
  File "<frozen importlib._bootstrap>", line 1360, in _find_and_load
  File "<frozen importlib._bootstrap>", line 1324, in _find_and_load_unlocked
ModuleNotFoundError: No module named 'openpyxl'

During handling of the above exception, another exception occurred:

Traceback (most recent call last):
  File "C:\Users\cha-c\automation_framework\core\files_util.py", line 48, in read_excel
    return pd.read_excel(path, sheet_name=sheet_name)
           ~~~~~~~~~~~~~^^^^^^^^^^^^^^^^^^^^^^^^^^^^^
  File "C:\Users\cha-c\automation_framework\venv\Lib\site-packages\pandas\io\excel\_base.py", line 495, in read_excel
    io = ExcelFile(
        io,
    ...<2 lines>...
        engine_kwargs=engine_kwargs,
    )
  File "C:\Users\cha-c\automation_framework\venv\Lib\site-packages\pandas\io\excel\_base.py", line 1567, in __init__
    self._reader = self._engines[engine](
                   ~~~~~~~~~~~~~~~~~~~~~^
        self._io,
        ^^^^^^^^^
        storage_options=storage_options,
        ^^^^^^^^^^^^^^^^^^^^^^^^^^^^^^^^
        engine_kwargs=engine_kwargs,
        ^^^^^^^^^^^^^^^^^^^^^^^^^^^^
    )
    ^
  File "C:\Users\cha-c\automation_framework\venv\Lib\site-packages\pandas\io\excel\_openpyxl.py", line 552, in __init__
    import_optional_dependency("openpyxl")
    ~~~~~~~~~~~~~~~~~~~~~~~~~~^^^^^^^^^^^^
  File "C:\Users\cha-c\automation_framework\venv\Lib\site-packages\pandas\compat\_optional.py", line 138, in import_optional_dependency
    raise ImportError(msg)
ImportError: Missing optional dependency 'openpyxl'.  Use pip or conda to install openpyxl.

2026-01-08 17:11:49,154 [INFO] __main__ - === CSV テスト開始 ===
2026-01-08 17:11:49,154 [INFO] core.files_util - CSV 読み込み: samples/sample.csv
2026-01-08 17:11:49,459 [INFO] core.files_util - 推定文字コード: SHIFT_JIS
2026-01-08 17:11:49,466 [INFO] __main__ - CSV 読み込み成功: 1284 行
2026-01-08 17:11:49,466 [INFO] core.files_util - CSV 書き込み: samples/output.csv
2026-01-08 17:11:49,475 [INFO] __main__ - CSV 書き込み成功
2026-01-08 17:11:49,476 [INFO] __main__ - === Excel テスト開始 ===
2026-01-08 17:11:49,476 [INFO] core.files_util - Excel 読み込み: samples/sample.xlsx
2026-01-08 17:11:49,490 [INFO] __main__ - Excel 読み込み成功: 45 行
2026-01-08 17:11:49,490 [INFO] core.files_util - Excel 書き込み: samples/output.xlsx
2026-01-08 17:11:49,512 [INFO] __main__ - Excel 書き込み成功
2026-01-08 17:11:49,512 [INFO] __main__ - === PDF テスト開始 ===
2026-01-08 17:11:49,512 [INFO] core.files_util - PDF 読み込み: samples/sample.pdf
2026-01-08 17:11:49,610 [INFO] __main__ - PDF 読み込み成功（先頭200文字）:
1  
 
 
 
 
 
 
 
 
 
現場都合などで業務ができないときの  
対応指針  
 
Ver.1.1 
(最終更新： 2023/11/17) 
  2  
1.このドキュメントについて  3 
2.課題対応について  3 
2-1.課題対応の目的  3 
2-2.課題対応の方法  4 
2-3.面談対応などが発生した場合の課題対応について  5 
3.課題対応のポイント  6 
3
